345 + 345

AAAA
BBBB

RECURSION2(RECURSION2, b, a)

RECURSION3()()()() ()






int main()
{
	print 10 * 5 + 10 - 5;

	int whatever = 5
	print whatever;

	int b = 0;
	print ++b;

	b = 10 * 4 + 10 - 4;
	print b;
	b = whatever + 10 * 4 + 10 - 4;
	print b;
	b = 321;
	print b;
	b = MACRON;
	print b;

	if (b == 5) { print b; }

	print 1 * 2 * 4 - 1 + 1 * 2 - 4 - 1;
	 
	int a = 2;
	b = 3;

	print b - a;
	print 2 * 1 * 3 * 5 * 10 * 4 * 10 * 4;

	RECURSION() + b;

	return 0;
}
