2
4
6
8
10
12
14
2
18
16
14
12
10
8
6
4
18
16
14
12
10
8
6
6
18
16
14
12
10
8
6
8
18
16
14
12
10
8
6
10
18
16
14
12
10
8
6
12
18
16
14
12
10
8
6
14
18
16
14
12
10
8
6
0
2
4
6
8
10
