54
1
2
20
1
10
18
34
12
10
15
12
15
18
100
34
34
5
18
