3
4
2
3
1
2
3
2
4
1
3
2
1
4
1
0
0
4
1
0
3
0
100
200
10
0
6
321
321
123
0
0
123
