87
70
23
8
2
6
6
6
15
7
10
20
22
25
0
0
0
10
9
7
4
1
9
