Parse Error: return statement with no expression in a function with a return type
Got SEMICOLON
