2.480000
5
4.480000
2
1.414216
5.000023
2
1.414216
3
1
1.414216
2
70000
2.500000
70002
2
2.500000
4
-15536
50000
34464
